---
source: tests/sqlparser_snapshot.rs
expression: stmts
---
- Query:
    with: ~
    body:
      Select:
        distinct: ~
        top: ~
        projection:
          - ExprWithAlias:
              expr:
                Function:
                  name:
                    - value: sum
                      quote_style: ~
                  args:
                    - Unnamed:
                        Expr:
                          BinaryOp:
                            left:
                              Identifier:
                                value: l_extendedprice
                                quote_style: ~
                            op: Multiply
                            right:
                              Nested:
                                BinaryOp:
                                  left:
                                    Value:
                                      Number:
                                        - "1"
                                        - false
                                  op: Minus
                                  right:
                                    Identifier:
                                      value: l_discount
                                      quote_style: ~
                  filter: ~
                  null_treatment: ~
                  over: ~
                  distinct: false
                  special: false
                  order_by: []
              alias:
                value: revenue
                quote_style: ~
        into: ~
        from:
          - relation:
              Table:
                name:
                  - value: lineitem
                    quote_style: ~
                alias: ~
                args: ~
                with_hints: []
                version: ~
                partitions: []
            joins: []
          - relation:
              Table:
                name:
                  - value: part
                    quote_style: ~
                alias: ~
                args: ~
                with_hints: []
                version: ~
                partitions: []
            joins: []
        lateral_views: []
        selection:
          BinaryOp:
            left:
              BinaryOp:
                left:
                  Nested:
                    BinaryOp:
                      left:
                        BinaryOp:
                          left:
                            BinaryOp:
                              left:
                                BinaryOp:
                                  left:
                                    BinaryOp:
                                      left:
                                        BinaryOp:
                                          left:
                                            BinaryOp:
                                              left:
                                                BinaryOp:
                                                  left:
                                                    Identifier:
                                                      value: p_partkey
                                                      quote_style: ~
                                                  op: Eq
                                                  right:
                                                    Identifier:
                                                      value: l_partkey
                                                      quote_style: ~
                                              op: And
                                              right:
                                                BinaryOp:
                                                  left:
                                                    Identifier:
                                                      value: p_brand
                                                      quote_style: ~
                                                  op: Eq
                                                  right:
                                                    Value:
                                                      SingleQuotedString: "Brand#12"
                                          op: And
                                          right:
                                            InList:
                                              expr:
                                                Identifier:
                                                  value: p_container
                                                  quote_style: ~
                                              list:
                                                - Value:
                                                    SingleQuotedString: SM CASE
                                                - Value:
                                                    SingleQuotedString: SM BOX
                                                - Value:
                                                    SingleQuotedString: SM PACK
                                                - Value:
                                                    SingleQuotedString: SM PKG
                                              negated: false
                                      op: And
                                      right:
                                        BinaryOp:
                                          left:
                                            Identifier:
                                              value: l_quantity
                                              quote_style: ~
                                          op: GtEq
                                          right:
                                            Value:
                                              Number:
                                                - "1"
                                                - false
                                  op: And
                                  right:
                                    BinaryOp:
                                      left:
                                        Identifier:
                                          value: l_quantity
                                          quote_style: ~
                                      op: LtEq
                                      right:
                                        BinaryOp:
                                          left:
                                            Value:
                                              Number:
                                                - "1"
                                                - false
                                          op: Plus
                                          right:
                                            Value:
                                              Number:
                                                - "10"
                                                - false
                              op: And
                              right:
                                Between:
                                  expr:
                                    Identifier:
                                      value: p_size
                                      quote_style: ~
                                  negated: false
                                  low:
                                    Value:
                                      Number:
                                        - "1"
                                        - false
                                  high:
                                    Value:
                                      Number:
                                        - "5"
                                        - false
                          op: And
                          right:
                            InList:
                              expr:
                                Identifier:
                                  value: l_shipmode
                                  quote_style: ~
                              list:
                                - Value:
                                    SingleQuotedString: AIR
                                - Value:
                                    SingleQuotedString: AIR REG
                              negated: false
                      op: And
                      right:
                        BinaryOp:
                          left:
                            Identifier:
                              value: l_shipinstruct
                              quote_style: ~
                          op: Eq
                          right:
                            Value:
                              SingleQuotedString: DELIVER IN PERSON
                op: Or
                right:
                  Nested:
                    BinaryOp:
                      left:
                        BinaryOp:
                          left:
                            BinaryOp:
                              left:
                                BinaryOp:
                                  left:
                                    BinaryOp:
                                      left:
                                        BinaryOp:
                                          left:
                                            BinaryOp:
                                              left:
                                                BinaryOp:
                                                  left:
                                                    Identifier:
                                                      value: p_partkey
                                                      quote_style: ~
                                                  op: Eq
                                                  right:
                                                    Identifier:
                                                      value: l_partkey
                                                      quote_style: ~
                                              op: And
                                              right:
                                                BinaryOp:
                                                  left:
                                                    Identifier:
                                                      value: p_brand
                                                      quote_style: ~
                                                  op: Eq
                                                  right:
                                                    Value:
                                                      SingleQuotedString: "Brand#23"
                                          op: And
                                          right:
                                            InList:
                                              expr:
                                                Identifier:
                                                  value: p_container
                                                  quote_style: ~
                                              list:
                                                - Value:
                                                    SingleQuotedString: MED BAG
                                                - Value:
                                                    SingleQuotedString: MED BOX
                                                - Value:
                                                    SingleQuotedString: MED PKG
                                                - Value:
                                                    SingleQuotedString: MED PACK
                                              negated: false
                                      op: And
                                      right:
                                        BinaryOp:
                                          left:
                                            Identifier:
                                              value: l_quantity
                                              quote_style: ~
                                          op: GtEq
                                          right:
                                            Value:
                                              Number:
                                                - "10"
                                                - false
                                  op: And
                                  right:
                                    BinaryOp:
                                      left:
                                        Identifier:
                                          value: l_quantity
                                          quote_style: ~
                                      op: LtEq
                                      right:
                                        BinaryOp:
                                          left:
                                            Value:
                                              Number:
                                                - "10"
                                                - false
                                          op: Plus
                                          right:
                                            Value:
                                              Number:
                                                - "10"
                                                - false
                              op: And
                              right:
                                Between:
                                  expr:
                                    Identifier:
                                      value: p_size
                                      quote_style: ~
                                  negated: false
                                  low:
                                    Value:
                                      Number:
                                        - "1"
                                        - false
                                  high:
                                    Value:
                                      Number:
                                        - "10"
                                        - false
                          op: And
                          right:
                            InList:
                              expr:
                                Identifier:
                                  value: l_shipmode
                                  quote_style: ~
                              list:
                                - Value:
                                    SingleQuotedString: AIR
                                - Value:
                                    SingleQuotedString: AIR REG
                              negated: false
                      op: And
                      right:
                        BinaryOp:
                          left:
                            Identifier:
                              value: l_shipinstruct
                              quote_style: ~
                          op: Eq
                          right:
                            Value:
                              SingleQuotedString: DELIVER IN PERSON
            op: Or
            right:
              Nested:
                BinaryOp:
                  left:
                    BinaryOp:
                      left:
                        BinaryOp:
                          left:
                            BinaryOp:
                              left:
                                BinaryOp:
                                  left:
                                    BinaryOp:
                                      left:
                                        BinaryOp:
                                          left:
                                            BinaryOp:
                                              left:
                                                Identifier:
                                                  value: p_partkey
                                                  quote_style: ~
                                              op: Eq
                                              right:
                                                Identifier:
                                                  value: l_partkey
                                                  quote_style: ~
                                          op: And
                                          right:
                                            BinaryOp:
                                              left:
                                                Identifier:
                                                  value: p_brand
                                                  quote_style: ~
                                              op: Eq
                                              right:
                                                Value:
                                                  SingleQuotedString: "Brand#34"
                                      op: And
                                      right:
                                        InList:
                                          expr:
                                            Identifier:
                                              value: p_container
                                              quote_style: ~
                                          list:
                                            - Value:
                                                SingleQuotedString: LG CASE
                                            - Value:
                                                SingleQuotedString: LG BOX
                                            - Value:
                                                SingleQuotedString: LG PACK
                                            - Value:
                                                SingleQuotedString: LG PKG
                                          negated: false
                                  op: And
                                  right:
                                    BinaryOp:
                                      left:
                                        Identifier:
                                          value: l_quantity
                                          quote_style: ~
                                      op: GtEq
                                      right:
                                        Value:
                                          Number:
                                            - "20"
                                            - false
                              op: And
                              right:
                                BinaryOp:
                                  left:
                                    Identifier:
                                      value: l_quantity
                                      quote_style: ~
                                  op: LtEq
                                  right:
                                    BinaryOp:
                                      left:
                                        Value:
                                          Number:
                                            - "20"
                                            - false
                                      op: Plus
                                      right:
                                        Value:
                                          Number:
                                            - "10"
                                            - false
                          op: And
                          right:
                            Between:
                              expr:
                                Identifier:
                                  value: p_size
                                  quote_style: ~
                              negated: false
                              low:
                                Value:
                                  Number:
                                    - "1"
                                    - false
                              high:
                                Value:
                                  Number:
                                    - "15"
                                    - false
                      op: And
                      right:
                        InList:
                          expr:
                            Identifier:
                              value: l_shipmode
                              quote_style: ~
                          list:
                            - Value:
                                SingleQuotedString: AIR
                            - Value:
                                SingleQuotedString: AIR REG
                          negated: false
                  op: And
                  right:
                    BinaryOp:
                      left:
                        Identifier:
                          value: l_shipinstruct
                          quote_style: ~
                      op: Eq
                      right:
                        Value:
                          SingleQuotedString: DELIVER IN PERSON
        group_by:
          Expressions: []
        cluster_by: []
        distribute_by: []
        sort_by: []
        having: ~
        named_window: []
        qualify: ~
    order_by: []
    limit: ~
    limit_by: []
    offset: ~
    fetch: ~
    locks: []

